// Jest Snapshot v1, https://goo.gl/fbAQLP

exports[`Availability component matches snapshot 1`] = `
<Fragment>
  <div
    className="new-listing__container new-listing__container--full-width mb-8"
  >
    <h1
      className="new-listing__title mb-8"
    >
      <Memo(FormattedMessage)
        id="shared.setAvailabilityAndPricing"
      />
    </h1>
    <p
      className="new-listing__description mb-32"
    >
      <Memo(FormattedMessage)
        id="edit.listing.availability.description"
      />
    </p>
  </div>
  <div
    className="booking-calendar booking-calendar--tab"
  >
    <ForwardRef
      className="booking-calendar__container mb-32"
      components={
        Object {
          "dateCellWrapper": [Function],
          "dateHeader": [Function],
          "event": [Function],
          "toolbar": [Function],
        }
      }
      events={
        Array [
          Object {
            "id": "event-1",
          },
        ]
      }
      localizer={
        DateLocalizer {
          "add": [Function],
          "ceil": [Function],
          "continuesAfter": [Function],
          "continuesPrior": [Function],
          "diff": [Function],
          "endOf": [Function],
          "eq": [Function],
          "firstVisibleDay": [Function],
          "format": [Function],
          "formats": Object {
            "agendaDateFormat": "ddd MMM DD",
            "agendaHeaderFormat": [Function],
            "agendaTimeFormat": "LT",
            "agendaTimeRangeFormat": [Function],
            "dateFormat": "DD",
            "dayFormat": "DD ddd",
            "dayHeaderFormat": "dddd MMM DD",
            "dayRangeHeaderFormat": [Function],
            "eventTimeRangeEndFormat": [Function],
            "eventTimeRangeFormat": [Function],
            "eventTimeRangeStartFormat": [Function],
            "monthHeaderFormat": "MMMM YYYY",
            "selectRangeFormat": [Function],
            "timeGutterFormat": "LT",
            "weekdayFormat": "ddd",
          },
          "getDstOffset": [Function],
          "getMinutesFromMidnight": [Function],
          "getSlotDate": [Function],
          "getTimezoneOffset": [Function],
          "getTotalMin": [Function],
          "gt": [Function],
          "gte": [Function],
          "inEventRange": [Function],
          "inRange": [Function],
          "isSameDate": [Function],
          "lastVisibleDay": [Function],
          "lt": [Function],
          "lte": [Function],
          "max": [Function],
          "merge": [Function],
          "min": [Function],
          "minutes": [Function],
          "neq": [Function],
          "propType": [Function],
          "range": [Function],
          "segmentOffset": 0,
          "sortEvents": [Function],
          "startAndEndAreDateOnly": [Function],
          "startOf": [Function],
          "startOfWeek": [Function],
          "visibleDays": [Function],
        }
      }
      onNavigate={[MockFunction]}
      selectable={true}
    />
  </div>
</Fragment>
`;

exports[`Availability component matches snapshot when showSkeleton equals true 1`] = `
<div
  className="new-listing__container new-listing__container--full-width mb-8"
>
  <Skeleton
    active={true}
    avatar={false}
    paragraph={true}
    title={true}
  />
</div>
`;
