// Jest Snapshot v1, https://goo.gl/fbAQLP

exports[`useListingLocation hook matches snapshot 1`] = `
Object {
  "formik": Object {
    "dirty": true,
    "enableReinitialize": true,
    "handleSubmit": [MockFunction],
    "initialValues": Object {
      "apartmentNumber": "12",
      "city": "Phoenix",
      "country": "United States",
      "latitude": null,
      "listingId": "listingId",
      "longitude": null,
      "message": Object {
        "description": Object {
          "id": "message.id",
        },
      },
      "redirectRoute": "/add-new-listing/location-map/listingId",
      "state": "Arizona",
      "street": "West Maryland Avenue",
      "zipCode": "12345",
    },
    "isValid": true,
    "onSubmit": [Function],
    "resetForm": [MockFunction],
    "setFieldTouched": [MockFunction],
    "setFieldValue": [MockFunction],
    "setValues": [MockFunction],
    "validateForm": [MockFunction],
    "validationSchema": ObjectSchema {
      "_blacklist": ReferenceSet {
        "list": Set {},
        "refs": Map {},
      },
      "_blacklistError": undefined,
      "_excludedEdges": Array [],
      "_nodes": Array [
        "zipCode",
        "state",
        "city",
        "apartmentNumber",
        "street",
        "country",
      ],
      "_sortErrors": [Function],
      "_typeError": [Function],
      "_whitelist": ReferenceSet {
        "list": Set {},
        "refs": Map {},
      },
      "_whitelistError": undefined,
      "conditions": Array [],
      "deps": Array [],
      "exclusiveTests": Object {},
      "fields": Object {
        "apartmentNumber": StringSchema {
          "_blacklist": ReferenceSet {
            "list": Set {},
            "refs": Map {},
          },
          "_blacklistError": undefined,
          "_typeError": [Function],
          "_whitelist": ReferenceSet {
            "list": Set {},
            "refs": Map {},
          },
          "_whitelistError": undefined,
          "conditions": Array [],
          "deps": Array [],
          "exclusiveTests": Object {
            "max": true,
          },
          "spec": Object {
            "abortEarly": true,
            "nullable": false,
            "presence": "optional",
            "recursive": true,
            "strict": false,
            "strip": false,
          },
          "tests": Array [
            [Function],
          ],
          "transforms": Array [
            [Function],
          ],
          "type": "string",
        },
        "city": StringSchema {
          "_blacklist": ReferenceSet {
            "list": Set {},
            "refs": Map {},
          },
          "_blacklistError": undefined,
          "_mutate": undefined,
          "_typeError": [Function],
          "_whitelist": ReferenceSet {
            "list": Set {},
            "refs": Map {},
          },
          "_whitelistError": undefined,
          "conditions": Array [],
          "deps": Array [],
          "exclusiveTests": Object {
            "max": true,
            "required": true,
          },
          "spec": Object {
            "abortEarly": true,
            "nullable": false,
            "presence": "required",
            "recursive": true,
            "strict": false,
            "strip": false,
          },
          "tests": Array [
            [Function],
            [Function],
          ],
          "transforms": Array [
            [Function],
          ],
          "type": "string",
        },
        "country": StringSchema {
          "_blacklist": ReferenceSet {
            "list": Set {},
            "refs": Map {},
          },
          "_blacklistError": undefined,
          "_mutate": undefined,
          "_typeError": [Function],
          "_whitelist": ReferenceSet {
            "list": Set {},
            "refs": Map {},
          },
          "_whitelistError": undefined,
          "conditions": Array [],
          "deps": Array [],
          "exclusiveTests": Object {
            "required": true,
          },
          "spec": Object {
            "abortEarly": true,
            "nullable": true,
            "presence": "required",
            "recursive": true,
            "strict": false,
            "strip": false,
          },
          "tests": Array [
            [Function],
          ],
          "transforms": Array [
            [Function],
          ],
          "type": "string",
        },
        "state": StringSchema {
          "_blacklist": ReferenceSet {
            "list": Set {},
            "refs": Map {},
          },
          "_blacklistError": undefined,
          "_mutate": undefined,
          "_typeError": [Function],
          "_whitelist": ReferenceSet {
            "list": Set {},
            "refs": Map {},
          },
          "_whitelistError": undefined,
          "conditions": Array [],
          "deps": Array [],
          "exclusiveTests": Object {
            "required": true,
          },
          "spec": Object {
            "abortEarly": true,
            "nullable": true,
            "presence": "required",
            "recursive": true,
            "strict": false,
            "strip": false,
          },
          "tests": Array [
            [Function],
          ],
          "transforms": Array [
            [Function],
          ],
          "type": "string",
        },
        "street": StringSchema {
          "_blacklist": ReferenceSet {
            "list": Set {},
            "refs": Map {},
          },
          "_blacklistError": undefined,
          "_mutate": undefined,
          "_typeError": [Function],
          "_whitelist": ReferenceSet {
            "list": Set {},
            "refs": Map {},
          },
          "_whitelistError": undefined,
          "conditions": Array [],
          "deps": Array [],
          "exclusiveTests": Object {
            "max": true,
            "required": true,
          },
          "spec": Object {
            "abortEarly": true,
            "nullable": false,
            "presence": "required",
            "recursive": true,
            "strict": false,
            "strip": false,
          },
          "tests": Array [
            [Function],
            [Function],
          ],
          "transforms": Array [
            [Function],
          ],
          "type": "string",
        },
        "zipCode": StringSchema {
          "_blacklist": ReferenceSet {
            "list": Set {},
            "refs": Map {},
          },
          "_blacklistError": undefined,
          "_mutate": undefined,
          "_typeError": [Function],
          "_whitelist": ReferenceSet {
            "list": Set {},
            "refs": Map {},
          },
          "_whitelistError": undefined,
          "conditions": Array [],
          "deps": Array [],
          "exclusiveTests": Object {
            "max": true,
            "min": true,
            "required": true,
          },
          "spec": Object {
            "abortEarly": true,
            "nullable": false,
            "presence": "required",
            "recursive": true,
            "strict": false,
            "strip": false,
          },
          "tests": Array [
            [Function],
            [Function],
            [Function],
          ],
          "transforms": Array [
            [Function],
          ],
          "type": "string",
        },
      },
      "spec": Object {
        "abortEarly": true,
        "nullable": false,
        "presence": "optional",
        "recursive": true,
        "strict": false,
        "strip": false,
      },
      "tests": Array [],
      "transforms": Array [
        [Function],
      ],
      "type": "object",
    },
    "values": Object {},
  },
  "isLoading": false,
  "onBackRoute": "/add-new-listing/accommodation/listingId",
  "showSkeleton": false,
  "stepStatus": "accomodation",
}
`;
