// Jest Snapshot v1, https://goo.gl/fbAQLP

exports[`Photos useContainer hook matches snapshot 1`] = `
Object {
  "formik": Object {
    "resetForm": [MockFunction] {
      "calls": Array [
        Array [
          Object {
            "values": Object {
              "listingId": "listingId",
              "listingPhotos": Array [
                Object {
                  "delete": false,
                  "description": "frunvg9pg90xmzcsdk76pdtdh073nm6l0hv109utmtgbegj9ty1hw6cei8wgb8dq8w54h6tdxzykrfklaleojs7h4viaymvbswfab5zn6ex9xdyv8t7vhmlec49pvbxhdowc841s85ij9d4uxej40jl59qaah44s59cs2vol1erwfd0tzba7mswwwxrzkdkoravfyv6i7pfr9xia4gvdxyrwtr77hfrig0bx4uszqpmios0p8an3j1b2yvhlch9",
                  "id": "3bc0e5d1-cee6-4f1b-8cfb-4bc6484334b6",
                  "photoUrls": Object {
                    "medium": "memory://listingphoto/3bc0e5d1-cee6-4f1b-8cfb-4bc6484334b6/photo/medium-578d472f5b2b64fd58b9b058646e2432.jpg",
                    "original": "memory://listingphoto/3bc0e5d1-cee6-4f1b-8cfb-4bc6484334b6/photo/52dde97eb85f168bb7e33724c03935d4.jpg",
                    "small": "memory://listingphoto/3bc0e5d1-cee6-4f1b-8cfb-4bc6484334b6/photo/small-7a2ab0b5d3626b5c6b671d6559eeb93c.jpg",
                  },
                  "position": 1,
                  "src": "memory://listingphoto/3bc0e5d1-cee6-4f1b-8cfb-4bc6484334b6/photo/medium-578d472f5b2b64fd58b9b058646e2432.jpg",
                },
              ],
              "photosForDeleting": Array [],
            },
          },
        ],
      ],
      "results": Array [
        Object {
          "type": "return",
          "value": undefined,
        },
      ],
    },
    "setFieldValue": [MockFunction],
    "values": Object {
      "listingId": "listingId",
      "listingPhotos": Array [],
      "photosForDeleting": Array [],
    },
  },
  "handleUpdateFormikListingPhotos": [Function],
  "isLoading": false,
  "onBackRoute": "/add-new-listing/services/listingId",
  "onRemovePhotoCallback": [Function],
  "showSkeleton": false,
  "stepStatus": "accomodation",
}
`;
