// Jest Snapshot v1, https://goo.gl/fbAQLP

exports[`AboutUs component matches snapshot 1`] = `
<Fragment>
  <section
    className="mission pt-40 pt-md-80 pb-40 pb-md-80"
  >
    <h1
      className="mission__title mb-8"
    >
      <Memo(FormattedMessage)
        id="aboutUs.title"
        values={
          Object {
            "styledWord": <span
              className="mission__accent"
            >
              <Memo(FormattedMessage)
                id="shared.luxorts"
              />
            </span>,
          }
        }
      />
    </h1>
    <p
      className="mission__description mb-40 mb-md-80"
    >
      <Memo(FormattedMessage)
        id="aboutUs.whenWePowerMoreTravel"
      />
    </p>
    <div
      className="mission__container mb-40 mb-md-80"
    >
      <Image
        alt=""
        className="mission__image"
        height="380"
        src="/images/mission-01.jpg"
        width="480"
      />
      <Image
        alt=""
        className="mission__image"
        height="380"
        src="/images/mission-02.jpg"
        width="480"
      />
      <Image
        alt=""
        className="mission__image"
        height="380"
        src="/images/mission-03.jpg"
        width="480"
      />
    </div>
    <h2
      className="mission__caption mb-16"
    >
      <Memo(FormattedMessage)
        id="aboutUs.ourMission"
      />
    </h2>
    <p
      className="mission__subtitle mb-32"
    >
      <Memo(FormattedMessage)
        id="aboutUs.toPowerGlobalTravel"
      />
    </p>
    <p
      className="mission__text mb-0"
    >
      <Memo(FormattedMessage)
        id="aboutUs.weAreTravelersAndTechnologists"
      />
    </p>
  </section>
  <section
    className="power pt-40 pt-md-80 pb-40 pb-md-80"
  >
    <div
      className="power__container"
    >
      <h2
        className="power__title mb-8"
      >
        <Memo(FormattedMessage)
          id="aboutUs.thePowerOfOurPlatform"
        />
      </h2>
      <p
        className="power__description mb-60"
      >
        <Memo(FormattedMessage)
          id="aboutUs.weHelpOurTravelers"
        />
      </p>
      <ul
        className="power__list"
      >
        <li
          className="power__item"
        >
          <SvgIcon
            className="power__icon"
            icon="property"
          />
          <p
            className="power__content mb-0"
          >
            <span
              className="power__value"
            >
              1
            </span>
            <span
              className="power__name"
            >
              <Memo(FormattedMessage)
                id="shared.properties"
              />
            </span>
          </p>
        </li>
        <li
          className="power__item"
        >
          <SvgIcon
            className="power__icon"
            icon="city"
          />
          <p
            className="power__content mb-0"
          >
            <span
              className="power__value"
            >
              1
            </span>
            <span
              className="power__name"
            >
              <Memo(FormattedMessage)
                id="shared.cities"
              />
            </span>
          </p>
        </li>
        <li
          className="power__item"
        >
          <SvgIcon
            className="power__icon"
            icon="host"
          />
          <p
            className="power__content mb-0"
          >
            <span
              className="power__value"
            >
              1
            </span>
            <span
              className="power__name"
            >
              <Memo(FormattedMessage)
                id="shared.hosts"
              />
            </span>
          </p>
        </li>
      </ul>
    </div>
  </section>
  <section
    className="social pt-40 pt-md-80 pb-40 pb-md-80"
  >
    <h2
      className="social__title mb-8"
    >
      <Memo(FormattedMessage)
        id="aboutUs.letsGetSocial"
      />
    </h2>
    <p
      className="social__description mb-60"
    >
      <Memo(FormattedMessage)
        id="aboutUs.joinUsOnOurSocialNetworks"
      />
    </p>
    <ul
      className="social__list"
    >
      <li
        className="social__item"
      >
        <Link
          href="#"
        >
          <a
            className="social__link"
          >
            <SvgIcon
              className="social__icon"
              icon="instagram-colored"
            />
            <span
              className="social__account"
            >
              @
              <Memo(FormattedMessage)
                id="shared.luxorts"
              />
            </span>
          </a>
        </Link>
      </li>
      <li
        className="social__item"
      >
        <Link
          href="#"
        >
          <a
            className="social__link"
          >
            <SvgIcon
              className="social__icon"
              icon="facebook-colored"
            />
            <span
              className="social__account"
            >
              @
              <Memo(FormattedMessage)
                id="shared.luxorts"
              />
            </span>
          </a>
        </Link>
      </li>
      <li
        className="social__item"
      >
        <Link
          href="#"
        >
          <a
            className="social__link"
          >
            <SvgIcon
              className="social__icon"
              icon="twitter-colored"
            />
            <span
              className="social__account"
            >
              @
              <Memo(FormattedMessage)
                id="shared.luxorts"
              />
            </span>
          </a>
        </Link>
      </li>
    </ul>
  </section>
</Fragment>
`;
