// Jest Snapshot v1, https://goo.gl/fbAQLP

exports[`DateHeader component matches snapshot 1`] = `
<span
  className="booking-calendar__date booking-calendar__date--overdue"
>
  4
</span>
`;

exports[`DateHeader component matches snapshot when date is actual 1`] = `
<span
  className="booking-calendar__date"
>
  4
  <span
    className="d-none d-md-inline"
  >
     
    <Memo(FormattedMessage)
      id="shared.today"
    />
  </span>
</span>
`;
