// Jest Snapshot v1, https://goo.gl/fbAQLP

exports[`ReservationPreferences useContainer hook matches snapshot 1`] = `
Object {
  "formik": Object {
    "dirty": true,
    "enableReinitialize": true,
    "handleSubmit": [MockFunction],
    "initialValues": Object {
      "approvalPolicy": null,
      "cancellationPolicy": null,
      "checkinEnd": null,
      "checkinStart": null,
      "inAdvanceBooking": null,
      "listingId": "listingId",
      "maxNights": 1,
      "minNights": 1,
      "preparationTime": 0,
      "priorNotified": "",
      "priorNotifiedTime": null,
      "redirectRoute": "/add-new-listing/availability/listingId",
    },
    "isValid": true,
    "onSubmit": [Function],
    "resetForm": [MockFunction],
    "setFieldTouched": [MockFunction],
    "setFieldValue": [MockFunction],
    "setValues": [MockFunction],
    "validateForm": [MockFunction],
    "validationSchema": ObjectSchema {
      "_blacklist": ReferenceSet {
        "list": Set {},
        "refs": Map {},
      },
      "_blacklistError": undefined,
      "_excludedEdges": Array [],
      "_nodes": Array [
        "cancellationPolicy",
        "approvalPolicy",
        "maxNights",
        "minNights",
        "inAdvanceBooking",
        "checkinEnd",
        "checkinStart",
        "priorNotified",
        "priorNotifiedTime",
      ],
      "_sortErrors": [Function],
      "_typeError": [Function],
      "_whitelist": ReferenceSet {
        "list": Set {},
        "refs": Map {},
      },
      "_whitelistError": undefined,
      "conditions": Array [],
      "deps": Array [],
      "exclusiveTests": Object {},
      "fields": Object {
        "approvalPolicy": StringSchema {
          "_blacklist": ReferenceSet {
            "list": Set {},
            "refs": Map {},
          },
          "_blacklistError": undefined,
          "_mutate": undefined,
          "_typeError": [Function],
          "_whitelist": ReferenceSet {
            "list": Set {},
            "refs": Map {},
          },
          "_whitelistError": undefined,
          "conditions": Array [],
          "deps": Array [],
          "exclusiveTests": Object {
            "required": true,
          },
          "spec": Object {
            "abortEarly": true,
            "nullable": true,
            "presence": "required",
            "recursive": true,
            "strict": false,
            "strip": false,
          },
          "tests": Array [
            [Function],
          ],
          "transforms": Array [
            [Function],
          ],
          "type": "string",
        },
        "cancellationPolicy": StringSchema {
          "_blacklist": ReferenceSet {
            "list": Set {},
            "refs": Map {},
          },
          "_blacklistError": undefined,
          "_mutate": undefined,
          "_typeError": [Function],
          "_whitelist": ReferenceSet {
            "list": Set {},
            "refs": Map {},
          },
          "_whitelistError": undefined,
          "conditions": Array [],
          "deps": Array [],
          "exclusiveTests": Object {
            "required": true,
          },
          "spec": Object {
            "abortEarly": true,
            "nullable": true,
            "presence": "required",
            "recursive": true,
            "strict": false,
            "strip": false,
          },
          "tests": Array [
            [Function],
          ],
          "transforms": Array [
            [Function],
          ],
          "type": "string",
        },
        "checkinEnd": StringSchema {
          "_blacklist": ReferenceSet {
            "list": Set {},
            "refs": Map {},
          },
          "_blacklistError": undefined,
          "_mutate": undefined,
          "_typeError": [Function],
          "_whitelist": ReferenceSet {
            "list": Set {},
            "refs": Map {},
          },
          "_whitelistError": undefined,
          "conditions": Array [],
          "deps": Array [],
          "exclusiveTests": Object {
            "required": true,
          },
          "spec": Object {
            "abortEarly": true,
            "nullable": true,
            "presence": "required",
            "recursive": true,
            "strict": false,
            "strip": false,
          },
          "tests": Array [
            [Function],
          ],
          "transforms": Array [
            [Function],
          ],
          "type": "string",
        },
        "checkinStart": StringSchema {
          "_blacklist": ReferenceSet {
            "list": Set {},
            "refs": Map {},
          },
          "_blacklistError": undefined,
          "_mutate": undefined,
          "_typeError": [Function],
          "_whitelist": ReferenceSet {
            "list": Set {},
            "refs": Map {},
          },
          "_whitelistError": undefined,
          "conditions": Array [],
          "deps": Array [],
          "exclusiveTests": Object {
            "required": true,
          },
          "spec": Object {
            "abortEarly": true,
            "nullable": true,
            "presence": "required",
            "recursive": true,
            "strict": false,
            "strip": false,
          },
          "tests": Array [
            [Function],
          ],
          "transforms": Array [
            [Function],
          ],
          "type": "string",
        },
        "inAdvanceBooking": StringSchema {
          "_blacklist": ReferenceSet {
            "list": Set {},
            "refs": Map {},
          },
          "_blacklistError": undefined,
          "_mutate": undefined,
          "_typeError": [Function],
          "_whitelist": ReferenceSet {
            "list": Set {},
            "refs": Map {},
          },
          "_whitelistError": undefined,
          "conditions": Array [],
          "deps": Array [],
          "exclusiveTests": Object {
            "required": true,
          },
          "spec": Object {
            "abortEarly": true,
            "nullable": true,
            "presence": "required",
            "recursive": true,
            "strict": false,
            "strip": false,
          },
          "tests": Array [
            [Function],
          ],
          "transforms": Array [
            [Function],
          ],
          "type": "string",
        },
        "maxNights": NumberSchema {
          "_blacklist": ReferenceSet {
            "list": Set {},
            "refs": Map {},
          },
          "_blacklistError": undefined,
          "_mutate": undefined,
          "_typeError": [Function],
          "_whitelist": ReferenceSet {
            "list": Set {},
            "refs": Map {},
          },
          "_whitelistError": undefined,
          "conditions": Array [],
          "deps": Array [],
          "exclusiveTests": Object {
            "required": true,
          },
          "spec": Object {
            "abortEarly": true,
            "nullable": true,
            "presence": "required",
            "recursive": true,
            "strict": false,
            "strip": false,
          },
          "tests": Array [
            [Function],
          ],
          "transforms": Array [
            [Function],
          ],
          "type": "number",
        },
        "minNights": NumberSchema {
          "_blacklist": ReferenceSet {
            "list": Set {},
            "refs": Map {},
          },
          "_blacklistError": undefined,
          "_mutate": undefined,
          "_typeError": [Function],
          "_whitelist": ReferenceSet {
            "list": Set {},
            "refs": Map {},
          },
          "_whitelistError": undefined,
          "conditions": Array [],
          "deps": Array [],
          "exclusiveTests": Object {
            "required": true,
          },
          "spec": Object {
            "abortEarly": true,
            "nullable": true,
            "presence": "required",
            "recursive": true,
            "strict": false,
            "strip": false,
          },
          "tests": Array [
            [Function],
          ],
          "transforms": Array [
            [Function],
          ],
          "type": "number",
        },
        "priorNotified": StringSchema {
          "_blacklist": ReferenceSet {
            "list": Set {},
            "refs": Map {},
          },
          "_blacklistError": undefined,
          "_mutate": undefined,
          "_typeError": [Function],
          "_whitelist": ReferenceSet {
            "list": Set {},
            "refs": Map {},
          },
          "_whitelistError": undefined,
          "conditions": Array [],
          "deps": Array [],
          "exclusiveTests": Object {
            "required": true,
          },
          "spec": Object {
            "abortEarly": true,
            "nullable": false,
            "presence": "required",
            "recursive": true,
            "strict": false,
            "strip": false,
          },
          "tests": Array [
            [Function],
          ],
          "transforms": Array [
            [Function],
          ],
          "type": "string",
        },
        "priorNotifiedTime": StringSchema {
          "_blacklist": ReferenceSet {
            "list": Set {},
            "refs": Map {},
          },
          "_blacklistError": undefined,
          "_typeError": [Function],
          "_whitelist": ReferenceSet {
            "list": Set {},
            "refs": Map {},
          },
          "_whitelistError": undefined,
          "conditions": Array [
            Condition {
              "fn": [Function],
              "refs": Array [
                Reference {
                  "getter": [Function],
                  "isContext": false,
                  "isSibling": true,
                  "isValue": false,
                  "key": "priorNotified",
                  "map": undefined,
                  "path": "priorNotified",
                },
              ],
            },
          ],
          "deps": Array [
            "priorNotified",
          ],
          "exclusiveTests": Object {},
          "spec": Object {
            "abortEarly": true,
            "nullable": false,
            "presence": "optional",
            "recursive": true,
            "strict": false,
            "strip": false,
          },
          "tests": Array [],
          "transforms": Array [
            [Function],
          ],
          "type": "string",
        },
      },
      "spec": Object {
        "abortEarly": true,
        "nullable": false,
        "presence": "optional",
        "recursive": true,
        "strict": false,
        "strip": false,
      },
      "tests": Array [],
      "transforms": Array [
        [Function],
      ],
      "type": "object",
    },
    "values": Object {},
  },
  "isLoading": false,
  "onBackRoute": "/add-new-listing/house-rules/listingId",
  "showSkeleton": false,
  "stepStatus": "accomodation",
}
`;
