// Jest Snapshot v1, https://goo.gl/fbAQLP

exports[`Location component matches snapshot 1`] = `
<AddNewListingLayout
  formik={
    Object {
      "dirty": true,
      "handleSubmit": [MockFunction],
      "isValid": true,
      "resetForm": [MockFunction],
      "setFieldTouched": [MockFunction],
      "setFieldValue": [MockFunction],
      "setValues": [MockFunction],
      "validateForm": [MockFunction],
      "values": Object {},
    }
  }
  isDirty={false}
  isLoading={false}
  onNext={[MockFunction]}
  showSkeleton={false}
  stepStatus="initial"
  title={
    Object {
      "id": "shared.location",
    }
  }
>
  <ListingLocation
    formik={
      Object {
        "dirty": true,
        "handleSubmit": [MockFunction],
        "isValid": true,
        "resetForm": [MockFunction],
        "setFieldTouched": [MockFunction],
        "setFieldValue": [MockFunction],
        "setValues": [MockFunction],
        "validateForm": [MockFunction],
        "values": Object {},
      }
    }
  />
</AddNewListingLayout>
`;
