// Jest Snapshot v1, https://goo.gl/fbAQLP

exports[`UpdatePassword component matches snapshot 1`] = `
<Fragment>
  <p
    className="personal-information__descr text-body mb-16"
  >
    <Memo(FormattedMessage)
      id="loginAndSecurity.description"
    />
  </p>
  <ForwardRef(InternalForm)
    layout="vertical"
    size="large"
  >
    <ContextProvider
      value={
        Object {
          "dirty": true,
          "handleSubmit": [MockFunction],
          "initialValues": Object {
            "currentPassword": "",
            "newPassword": "",
          },
          "isValid": true,
          "onSubmit": [Function],
          "resetForm": [MockFunction],
          "setFieldTouched": [MockFunction],
          "setFieldValue": [MockFunction],
          "setValues": [MockFunction],
          "validateForm": [MockFunction],
          "validateOnMount": true,
          "validationSchema": ObjectSchema {
            "_blacklist": ReferenceSet {
              "list": Set {},
              "refs": Map {},
            },
            "_blacklistError": undefined,
            "_excludedEdges": Array [],
            "_nodes": Array [
              "newPassword",
              "currentPassword",
            ],
            "_sortErrors": [Function],
            "_typeError": [Function],
            "_whitelist": ReferenceSet {
              "list": Set {},
              "refs": Map {},
            },
            "_whitelistError": undefined,
            "conditions": Array [],
            "deps": Array [],
            "exclusiveTests": Object {},
            "fields": Object {
              "currentPassword": StringSchema {
                "_blacklist": ReferenceSet {
                  "list": Set {},
                  "refs": Map {},
                },
                "_blacklistError": undefined,
                "_mutate": undefined,
                "_typeError": [Function],
                "_whitelist": ReferenceSet {
                  "list": Set {},
                  "refs": Map {},
                },
                "_whitelistError": undefined,
                "conditions": Array [],
                "deps": Array [],
                "exclusiveTests": Object {
                  "max": true,
                  "min": true,
                  "required": true,
                },
                "spec": Object {
                  "abortEarly": true,
                  "nullable": false,
                  "presence": "required",
                  "recursive": true,
                  "strict": false,
                  "strip": false,
                },
                "tests": Array [
                  [Function],
                  [Function],
                  [Function],
                ],
                "transforms": Array [
                  [Function],
                ],
                "type": "string",
              },
              "newPassword": StringSchema {
                "_blacklist": ReferenceSet {
                  "list": Set {},
                  "refs": Map {
                    "currentPassword" => Reference {
                      "getter": [Function],
                      "isContext": false,
                      "isSibling": true,
                      "isValue": false,
                      "key": "currentPassword",
                      "map": undefined,
                      "path": "currentPassword",
                    },
                  },
                },
                "_blacklistError": [Function],
                "_mutate": undefined,
                "_typeError": [Function],
                "_whitelist": ReferenceSet {
                  "list": Set {},
                  "refs": Map {},
                },
                "_whitelistError": undefined,
                "conditions": Array [],
                "deps": Array [],
                "exclusiveTests": Object {
                  "max": true,
                  "min": true,
                  "required": true,
                },
                "spec": Object {
                  "abortEarly": true,
                  "nullable": false,
                  "presence": "required",
                  "recursive": true,
                  "strict": false,
                  "strip": false,
                },
                "tests": Array [
                  [Function],
                  [Function],
                  [Function],
                ],
                "transforms": Array [
                  [Function],
                ],
                "type": "string",
              },
            },
            "spec": Object {
              "abortEarly": true,
              "nullable": false,
              "presence": "optional",
              "recursive": true,
              "strict": false,
              "strip": false,
            },
            "tests": Array [],
            "transforms": Array [
              [Function],
            ],
            "type": "object",
          },
          "values": Object {},
        }
      }
    >
      <div
        className="input-text w-100 mb-16"
      >
        <div
          className="d-flex justify-content-space-between"
        >
          <label
            className="input-text__label"
            htmlFor="password"
          >
            <Memo(FormattedMessage)
              id="shared.currentPassword"
            />
          </label>
          <Link
            href="/reset-password"
          >
            <a
              className="main-text-btn fz-12"
            >
              <Memo(FormattedMessage)
                id="shared.forgotPassword"
              />
            </a>
          </Link>
        </div>
        <PasswordField
          autoComplete="new-password"
          name="currentPassword"
          withProgress={false}
        />
      </div>
      <div
        className="input-text w-100 mb-28"
      >
        <PasswordField
          autoComplete="new-password"
          label={
            Object {
              "id": "shared.newPassword",
            }
          }
          name="newPassword"
          withProgress={true}
        />
      </div>
      <div
        className="d-flex mb-24"
      >
        <GradientButton
          addonAfter={null}
          addonBefore={null}
          className="min-width-120 mr-16"
          onClick={[MockFunction]}
          text={
            Object {
              "id": "shared.cancel",
            }
          }
          variant="tertiary"
        />
        <GradientButton
          addonAfter={null}
          addonBefore={null}
          className="min-width-140 mr-16"
          loading={false}
          onClick={[Function]}
          text={
            Object {
              "id": "shared.submit",
            }
          }
          variant="primary"
        />
      </div>
    </ContextProvider>
  </ForwardRef(InternalForm)>
</Fragment>
`;
