// Jest Snapshot v1, https://goo.gl/fbAQLP

exports[`Code verification validation schema matches snapshot 1`] = `
Object {
  "fields": Object {
    "code": Object {
      "label": undefined,
      "meta": undefined,
      "notOneOf": Array [],
      "oneOf": Array [],
      "tests": Array [
        Object {
          "name": "stringLength",
          "params": undefined,
        },
        Object {
          "name": "required",
          "params": undefined,
        },
      ],
      "type": "string",
    },
  },
  "label": undefined,
  "meta": undefined,
  "notOneOf": Array [],
  "oneOf": Array [],
  "tests": Array [],
  "type": "object",
}
`;
