// Jest Snapshot v1, https://goo.gl/fbAQLP

exports[`New password validation schema matches snapshot 1`] = `
Object {
  "fields": Object {
    "password": Object {
      "label": undefined,
      "meta": undefined,
      "notOneOf": Array [],
      "oneOf": Array [],
      "tests": Array [
        Object {
          "name": "min",
          "params": Object {
            "min": 6,
          },
        },
        Object {
          "name": "max",
          "params": Object {
            "max": 72,
          },
        },
        Object {
          "name": "required",
          "params": undefined,
        },
      ],
      "type": "string",
    },
  },
  "label": undefined,
  "meta": undefined,
  "notOneOf": Array [],
  "oneOf": Array [],
  "tests": Array [],
  "type": "object",
}
`;
