// Jest Snapshot v1, https://goo.gl/fbAQLP

exports[`Address useContainer hook matches snapshot 1`] = `
Object {
  "formik": Object {
    "dirty": false,
    "setFormikState": [MockFunction],
    "values": Object {
      "apartmentNumber": "",
      "city": "",
      "country": null,
      "state": null,
      "street": "",
      "zipCode": "",
    },
  },
  "onCountryChange": [Function],
}
`;
