// Jest Snapshot v1, https://goo.gl/fbAQLP

exports[`accommodationFilter validation schema matches snapshot 1`] = `
Object {
  "fields": Object {
    "bathrooms_amount-eq": Object {
      "label": undefined,
      "meta": undefined,
      "notOneOf": Array [],
      "oneOf": Array [],
      "tests": Array [
        Object {
          "name": "required",
          "params": undefined,
        },
      ],
      "type": "number",
    },
    "bedrooms_amount-eq": Object {
      "label": undefined,
      "meta": undefined,
      "notOneOf": Array [],
      "oneOf": Array [],
      "tests": Array [
        Object {
          "name": "required",
          "params": undefined,
        },
      ],
      "type": "number",
    },
    "beds_amount-eq": Object {
      "label": undefined,
      "meta": undefined,
      "notOneOf": Array [],
      "oneOf": Array [],
      "tests": Array [
        Object {
          "name": "required",
          "params": undefined,
        },
      ],
      "type": "number",
    },
    "guests_number-eq": Object {
      "label": undefined,
      "meta": undefined,
      "notOneOf": Array [],
      "oneOf": Array [],
      "tests": Array [
        Object {
          "name": "required",
          "params": undefined,
        },
      ],
      "type": "number",
    },
  },
  "label": undefined,
  "meta": undefined,
  "notOneOf": Array [],
  "oneOf": Array [],
  "tests": Array [],
  "type": "object",
}
`;
