// Jest Snapshot v1, https://goo.gl/fbAQLP

exports[`Location component matches snapshot 1`] = `
<Fragment>
  <ListingLocation
    formik={
      Object {
        "dirty": true,
        "handleSubmit": [MockFunction],
        "isValid": true,
        "resetForm": [MockFunction],
        "setFieldTouched": [MockFunction],
        "setFieldValue": [MockFunction],
        "setValues": [MockFunction],
        "validateForm": [MockFunction],
        "values": Object {},
      }
    }
  />
  <EditListingFooter
    disabled={false}
    isLoading={false}
    onSave={[MockFunction]}
  />
</Fragment>
`;

exports[`Location component matches snapshot when showSkeleton equals true 1`] = `
<div
  className="new-listing__container mb-8"
>
  <Skeleton
    active={true}
    avatar={false}
    paragraph={true}
    title={true}
  />
</div>
`;
