// Jest Snapshot v1, https://goo.gl/fbAQLP

exports[`FormattedOrRawMessage component when message is intl message description object 1`] = `
<Memo(FormattedMessage)
  id="message.id"
  values={
    Object {
      "some": "value",
    }
  }
/>
`;

exports[`FormattedOrRawMessage component when message is missing 1`] = `"Error: Unexpected empty message"`;

exports[`FormattedOrRawMessage component when message is string 1`] = `"string message"`;
