// Jest Snapshot v1, https://goo.gl/fbAQLP

exports[`Add new listing. Reservation Preferences validation schema matches snapshot 1`] = `
Object {
  "fields": Object {
    "approvalPolicy": Object {
      "label": undefined,
      "meta": undefined,
      "notOneOf": Array [],
      "oneOf": Array [],
      "tests": Array [
        Object {
          "name": "required",
          "params": undefined,
        },
      ],
      "type": "string",
    },
    "cancellationPolicy": Object {
      "label": undefined,
      "meta": undefined,
      "notOneOf": Array [],
      "oneOf": Array [],
      "tests": Array [
        Object {
          "name": "required",
          "params": undefined,
        },
      ],
      "type": "string",
    },
    "checkinEnd": Object {
      "label": undefined,
      "meta": undefined,
      "notOneOf": Array [],
      "oneOf": Array [],
      "tests": Array [
        Object {
          "name": "required",
          "params": undefined,
        },
      ],
      "type": "string",
    },
    "checkinStart": Object {
      "label": undefined,
      "meta": undefined,
      "notOneOf": Array [],
      "oneOf": Array [],
      "tests": Array [
        Object {
          "name": "required",
          "params": undefined,
        },
      ],
      "type": "string",
    },
    "inAdvanceBooking": Object {
      "label": undefined,
      "meta": undefined,
      "notOneOf": Array [],
      "oneOf": Array [],
      "tests": Array [
        Object {
          "name": "required",
          "params": undefined,
        },
      ],
      "type": "string",
    },
    "maxNights": Object {
      "label": undefined,
      "meta": undefined,
      "notOneOf": Array [],
      "oneOf": Array [],
      "tests": Array [
        Object {
          "name": "required",
          "params": undefined,
        },
      ],
      "type": "number",
    },
    "minNights": Object {
      "label": undefined,
      "meta": undefined,
      "notOneOf": Array [],
      "oneOf": Array [],
      "tests": Array [
        Object {
          "name": "required",
          "params": undefined,
        },
      ],
      "type": "number",
    },
    "priorNotified": Object {
      "label": undefined,
      "meta": undefined,
      "notOneOf": Array [],
      "oneOf": Array [],
      "tests": Array [
        Object {
          "name": "required",
          "params": undefined,
        },
      ],
      "type": "string",
    },
    "priorNotifiedTime": Object {
      "label": undefined,
      "meta": undefined,
      "notOneOf": Array [],
      "oneOf": Array [],
      "tests": Array [],
      "type": "string",
    },
  },
  "label": undefined,
  "meta": undefined,
  "notOneOf": Array [],
  "oneOf": Array [],
  "tests": Array [],
  "type": "object",
}
`;
