// Jest Snapshot v1, https://goo.gl/fbAQLP

exports[`AccountSettings useContainer hook matches snapshot 1`] = `
Object {
  "avatarImgUrl": "/avatar-img-url",
  "currentUser": Object {
    "email": "evhenii.hryhoriev+10@rubygarage.org",
    "id": "5c5d814c-8e06-433d-b006-4119311585bd",
    "publicId": "c4toxHVi",
    "userInvitation": Array [
      Object {
        "created_at": "2022-06-23T06:32:55.588Z",
        "email": "12@mail.ru",
        "id": "52080e19-c5e0-45bb-af58-edbbe70e78fa",
        "last_sent_at": "2022-06-23T06:32:55.474Z",
        "resendable": true,
        "status": "pending",
        "user_account_id": "7211ccc2-1fca-4799-b1e1-4005e9fc42be",
      },
    ],
    "userProfile": Object {
      "about": null,
      "address": null,
      "avatarUrls": Object {
        "original": "/avatar-img-url",
      },
      "city": "city",
      "country": "country",
      "dateOfBirth": "1994-01-01",
      "drivingLicenseFirstName": "Evhenii",
      "drivingLicenseLastName": "Test",
      "firstName": "Evhenii",
      "gender": null,
      "id": "52080e19-c5e0-45bb-af58-edbbe70e78fa",
      "lastName": "Test",
      "phoneNumber": "+299999999",
      "state": "state",
      "street": "street",
      "zipCode": "zipCode",
    },
    "userType": "traveller_account",
    "verifiedStatus": "unverified",
  },
  "handleChangeAvatarImage": [Function],
  "handleChangeFile": [Function],
  "handleRemoveAvatarClick": [Function],
  "handleUploadAvatarClick": [Function],
  "inputFileRef": Object {
    "current": null,
  },
}
`;
